// Jest Snapshot v1, https://goo.gl/fbAQLP

exports[`CreateReply creates replies and associates itself with specified article 1`] = `
Object {
  "appId": "test",
  "createdAt": "2017-01-28T08:45:57.011Z",
  "reference": "http://google.com",
  "text": "FOO FOO",
  "type": "RUMOR",
  "userId": "test",
}
`;
