exports[`CreateReplyRequest attaches a reply request to an article 1`] = `
Object {
  "CreateReplyRequest": Object {
    "replyRequestCount": 1,
  },
}
`;

exports[`CreateReplyRequest attaches a reply request to an article 2`] = `
Object {
  "createdAt": "2017-01-28T08:45:57.011Z",
  "from": "test",
  "updatedAt": "2017-01-28T08:45:57.011Z",
  "userId": "test",
}
`;
