exports[`CreateArticle creates articles 1`] = `
Object {
  "_index": "articles",
  "_source": Object {
    "createdAt": "2017-01-28T08:45:57.011Z",
    "from": "foo",
    "references": Array [
      Object {
        "type": "LINE",
      },
    ],
    "replyConnectionIds": Array [],
    "text": "FOO FOO",
    "updatedAt": "2017-01-28T08:45:57.011Z",
    "userId": "test",
  },
  "_type": "basic",
  "_version": 1,
  "found": true,
}
`;
